[2026-04-22 13:08:35] ==================================================
[2026-04-22 13:08:35] 开始新的小说创作周期
[2026-04-22 13:08:35] ==================================================
[2026-04-22 13:08:35] [市场扫描] 启动热点扫描...
[2026-04-22 13:08:38] [市场] TOP5 热点: ['现代化道路上“一国都不能掉队”', '日本一日之内犯下两大恶行', '哪吒汽车创始人已成老赖', '12年1011位志愿军烈士的回家路', '“鱼粉”价格暴涨']
[2026-04-22 13:08:38] [大纲] 正在生成小说大纲...
[2026-04-22 13:09:13] [大纲] 生成的标题: 诡异模拟器：我能预知死亡
[2026-04-22 13:10:21] [更新] 继续故事 story_202604221309，生成第 1 章...
[2026-04-22 13:20:20] ==================================================
[2026-04-22 13:20:20] 开始新的小说创作周期
[2026-04-22 13:20:20] ==================================================
[2026-04-22 13:20:20] [市场扫描] 启动热点扫描...
[2026-04-22 13:20:22] [市场] TOP5 热点: ['现代化道路上“一国都不能掉队”', '日本一日之内犯下两大恶行', '哪吒汽车创始人已成老赖', '12年1011位志愿军烈士的回家路', '“鱼粉”价格暴涨']
[2026-04-22 13:20:22] [大纲] 正在生成小说大纲...
[2026-04-22 13:21:11] [大纲] 生成的标题: 芯片逆袭：大国重器觉醒
[2026-04-22 13:47:33] ==================================================
[2026-04-22 13:47:33] 开始新的小说创作周期
[2026-04-22 13:47:33] ==================================================
[2026-04-22 13:47:33] [市场扫描] 启动热点扫描...
[2026-04-22 13:47:35] [市场] TOP5 热点: ['现代化道路上“一国都不能掉队”', '日本一日之内犯下两大恶行', '曹德旺：大不了把美国工厂关掉', '12年1011位志愿军烈士的回家路', '哪吒汽车创始人已成老赖']
[2026-04-22 13:47:35] [大纲] 正在生成小说大纲...
[2026-04-22 13:47:51] [更新] 故事不存在，执行初始化
[2026-04-22 13:47:51] ==================================================
[2026-04-22 13:47:51] 开始新的小说创作周期
[2026-04-22 13:47:51] ==================================================
[2026-04-22 13:47:51] [市场扫描] 启动热点扫描...
[2026-04-22 13:47:54] [市场] TOP5 热点: ['现代化道路上“一国都不能掉队”', '日本一日之内犯下两大恶行', '曹德旺：大不了把美国工厂关掉', '12年1011位志愿军烈士的回家路', '哪吒汽车创始人已成老赖']
[2026-04-22 13:47:54] [大纲] 正在生成小说大纲...
[2026-04-22 13:48:26] [大纲] 生成的标题: 我的公司能模拟未来
[2026-04-22 13:48:49] [大纲] 生成的标题: 大国科研：我的系统能加速华夏复兴
[2026-04-22 13:50:10] [更新] 继续故事 story_202604221348，生成第 1 章...
[2026-04-22 13:50:18] [故事] 创建完成: created
[2026-04-22 13:50:18] [Git] 已提交: story_202604221348
[2026-04-22 13:50:21] [Git] 推送成功 → https://github.com/roForce/TheStory.git
[2026-04-22 13:50:21] [完成] 故事 story_202604221348 第1章已生成并推送
[2026-04-22 13:52:10] [Git] 已提交: story_202604221348
[2026-04-22 13:52:12] [Git] 推送成功 → https://github.com/roForce/TheStory.git
[2026-04-22 13:52:12] [完成] 故事 story_202604221348 第 1 章已更新并推送
[2026-04-22 14:12:46] [更新] 继续故事 story_202604221348，生成第 2 章...
[2026-04-22 16:09:27] [更新] 继续故事 story_202604221348，生成第 2 章...
[2026-04-22 16:09:28] [Git] 已提交: story_202604221348
[2026-04-22 16:09:30] [Git] 推送成功 → https://github.com/roForce/TheStory.git
[2026-04-22 16:09:30] [完成] 故事 story_202604221348 第 2 章已更新并推送
[2026-04-22 16:41:19] [更新] 继续故事 story_202604221348，生成第 3 章...
[2026-04-22 16:43:13] [Git] 已提交: story_202604221348
[2026-04-22 16:43:14] [Git] 推送成功 → https://github.com/roForce/TheStory.git
[2026-04-22 16:43:14] [完成] 故事 story_202604221348 第 3 章已更新并推送
[2026-04-22 18:47:36] [更新] 继续故事 story_202604221348，生成第 4 章...
[2026-04-22 19:20:35] [更新] 继续故事 story_202604221348，生成第 4 章...
[2026-04-22 21:08:24] [更新] 继续故事 story_202604221348，生成第 4 章...
[2026-04-22 21:42:20] [Git] 已提交: story_202604221348
[2026-04-22 22:13:40] [更新] 继续故事 story_202604221348，生成第 5 章...
[2026-04-22 22:17:47] [Git] 已提交: story_202604221348
[2026-04-22 22:17:51] [Git] 推送成功 → https://github.com/roForce/TheStory.git
[2026-04-22 22:17:51] [完成] 故事 story_202604221348 第 5 章已更新并推送
[2026-04-22 23:19:45] [更新] 继续故事 story_202604221348，生成第 6 章...
[2026-04-22 23:22:10] [Git] 已提交: story_202604221348
[2026-04-22 23:22:13] [Git] 推送成功 → https://github.com/roForce/TheStory.git
[2026-04-22 23:22:13] [完成] 故事 story_202604221348 第 6 章已更新并推送
[2026-04-23 08:24:09] [更新] 继续故事 story_202604221348，生成第 7 章...
[2026-04-23 08:27:17] [Git] 已提交: story_202604221348
[2026-04-23 08:27:19] [Git] 推送成功 → https://github.com/roForce/TheStory.git
[2026-04-23 08:27:19] [完成] 故事 story_202604221348 第 7 章已更新并推送
[2026-04-23 08:57:45] [更新] 继续故事 story_202604221348，生成第 8 章...
[2026-04-23 09:01:50] [Git] 已提交: story_202604221348
[2026-04-23 09:01:52] [Git] 推送成功 → https://github.com/roForce/TheStory.git
[2026-04-23 09:01:52] [完成] 故事 story_202604221348 第 8 章已更新并推送
[2026-04-23 09:32:41] [更新] 继续故事 story_202604221348，生成第 9 章...
[2026-04-23 09:36:00] [Git] 已提交: story_202604221348
[2026-04-23 09:36:01] [Git] 推送成功 → https://github.com/roForce/TheStory.git
[2026-04-23 09:36:01] [完成] 故事 story_202604221348 第 9 章已更新并推送
[2026-04-23 10:07:02] [更新] 继续故事 story_202604221348，生成第 10 章...
[2026-04-23 10:10:06] [Git] 已提交: story_202604221348
[2026-04-23 10:10:08] [Git] 推送成功 → https://github.com/roForce/TheStory.git
[2026-04-23 10:10:08] [完成] 故事 story_202604221348 第 10 章已更新并推送
[2026-04-23 12:49:35] [更新] 继续故事 story_202604221348，生成第 11 章...
[2026-04-23 12:52:07] [更新] 继续故事 story_202604221348，生成第 11 章...
[2026-04-23 12:55:38] [Git] 已提交: story_202604221348
[2026-04-23 12:55:40] [Git] 推送成功 → https://github.com/roForce/TheStory.git
[2026-04-23 12:55:40] [完成] 故事 story_202604221348 第 11 章已更新并推送
[2026-04-23 14:45:43] [更新] 继续故事 story_202604221348，生成第 12 章...
[2026-04-23 14:48:30] [更新] 继续故事 story_202604221348，生成第 12 章...
[2026-04-23 14:51:23] [Git] 已提交: story_202604221348
[2026-04-23 14:51:25] [Git] 推送成功 → https://github.com/roForce/TheStory.git
[2026-04-23 14:51:25] [完成] 故事 story_202604221348 第 12 章已更新并推送
[2026-04-23 15:22:16] [更新] 继续故事 story_202604221348，生成第 13 章...
[2026-04-23 18:32:50] [更新] 继续故事 story_202604221348，生成第 13 章...
[2026-04-23 18:35:48] [Git] 已提交: story_202604221348
[2026-04-23 18:35:51] [Git] 推送成功 → https://github.com/roForce/TheStory.git
[2026-04-23 18:35:51] [完成] 故事 story_202604221348 第 13 章已更新并推送
[2026-04-23 20:38:27] [更新] 继续故事 story_202604221348，生成第 14 章...
[2026-04-23 20:42:03] [Git] 已提交: story_202604221348
[2026-04-23 20:42:07] [Git] 推送成功 → https://github.com/roForce/TheStory.git
[2026-04-23 20:42:07] [完成] 故事 story_202604221348 第 14 章已更新并推送
[2026-04-24 00:18:31] [更新] 继续故事 story_202604221348，生成第 15 章...
[2026-04-24 00:22:01] [Git] 已提交: story_202604221348
[2026-04-24 00:22:07] [Git] 推送成功 → https://github.com/roForce/TheStory.git
[2026-04-24 00:22:07] [完成] 故事 story_202604221348 第 15 章已更新并推送
[2026-04-25 22:33:01] [更新] 继续故事 story_202604221348，生成第 16 章...
[2026-04-26 00:18:23] [更新] 继续故事 story_202604221348，生成第 16 章...
[2026-04-26 06:01:29] [更新] 继续故事 story_202604221348，生成第 16 章...
[2026-04-26 06:18:38] [Git] 已提交: story_202604221348
[2026-04-26 06:18:46] [Git] 推送失败: fatal: unable to access 'https://github.com/roForce/TheStory.git/': LibreSSL SSL_connect: SSL_ERROR_SYSCALL in connection to github.com:443 

[2026-04-26 06:18:48] [Git] 推送失败: Host key verification failed.
fatal: Could not read from remote repository.

Please make sure you have the correct access rights
and the repository exists.

[2026-04-26 06:18:48] [完成] 故事 story_202604221348 第 16 章已更新并推送
[2026-04-28 04:24:35] [更新] 继续故事 story_202604221348，生成第 17 章...
[2026-04-28 07:44:05] [更新] 继续故事 story_202604221348，生成第 17 章...
[2026-04-29 15:42:36] [更新] 继续故事 story_202604221348，生成第 17 章...
[2026-04-29 16:41:55] [更新] 继续故事 story_202604221348，生成第 17 章...
